*****************************************************************
Pin Report - Date: Mon Oct 31 14:48:18 2016 Pinchecksum: NOT-AVAILABLE
Product: Designer
Release: v11.7
Version: 11.7.0.119
Design Name: test_4463andcpuopration
Family: SmartFusion2
Die: M2S010S
Package: 144 TQ
*****************************************************************

Port        |Pin |Fixed |Function                 |Bank     |I/O Std   |Direction                      |I/O state in Flash*Freeze mode |Resistor Pull                      |I/O available in Flash*Freeze mode |Schmitt Trigger |Odt_Static    |Odt Imp (Ohm)  |Low Power Exit |Input Delay |Slew         |Pre-Emphasis      |Output Drive (mA) |Output Load (pF) |
------------|----|------|-------------------------|---------|----------|-------------------------------|-------------------------------|-----------------------------------|-----------------------------------|----------------|--------------|---------------|---------------|------------|-------------|------------------|------------------|-----------------|
A3.3V_EN     61   Yes    MSIO109NB4                Bank4     LVCMOS33   Output                          TRISTATE                        None                                No                                  ---              ---            ---             ---             ---          ---           ---                4                  5                 
ADC_CS       1    Yes    MSIO64NB7                 Bank7     LVCMOS33   Output                          TRISTATE                        None                                No                                  ---              ---            ---             ---             ---          ---           ---                4                  5                 
ADC_CSTART   4    Yes    MSIO67PB7                 Bank7     LVCMOS33   Output                          TRISTATE                        None                                No                                  ---              ---            ---             ---             ---          ---           ---                4                  5                 
ADC_FS       2    Yes    MSIO64PB7                 Bank7     LVCMOS33   Output                          TRISTATE                        None                                No                                  ---              ---            ---             ---             ---          ---           ---                4                  5                 
ADC_INT      9    Yes    MSIO72NB7                 Bank7     LVCMOS33   Input                           TRISTATE                        None                                No                                  Off              ---            ---             Off             Off          ---           ---                ---                ---               
ADC_PWDN     3    Yes    MSIO67NB7                 Bank7     LVCMOS33   Output                          TRISTATE                        None                                No                                  ---              ---            ---             ---             ---          ---           ---                4                  5                 
ANT_SW1      20   Yes    MSIO79PB7/GB1             Bank7     LVCMOS33   Output                          TRISTATE                        None                                No                                  ---              ---            ---             ---             ---          ---           ---                4                  5                 
ANT_SW2      21   Yes    MSIO81NB7                 Bank7     LVCMOS33   Output                          TRISTATE                        None                                No                                  ---              ---            ---             ---             ---          ---           ---                4                  5                 
BOARD_NO     14   Yes    MSIO76PB7                 Bank7     LVCMOS33   Input                           TRISTATE                        None                                No                                  Off              ---            ---             Off             Off          ---           ---                ---                ---               
CAN1_RS      63   Yes    MSIO113PB4                Bank4     LVCMOS33   Output                          TRISTATE                        None                                No                                  ---              ---            ---             ---             ---          ---           ---                4                  5                 
CAN1_RX      64   Yes    MSIO113NB4                Bank4     LVCMOS33   Output                          TRISTATE                        None                                No                                  ---              ---            ---             ---             ---          ---           ---                4                  5                 
CAN1_TX      66   Yes    MSIO114PB4                Bank4     LVCMOS33   Input                           TRISTATE                        None                                No                                  Off              ---            ---             Off             Off          ---           ---                ---                ---               
CAN2_RS      67   Yes    MSIO114NB4                Bank4     LVCMOS33   Output                          TRISTATE                        None                                No                                  ---              ---            ---             ---             ---          ---           ---                4                  5                 
CCA_NIRQ     19   Yes    MSIO79NB7                 Bank7     LVCMOS33   Input                           TRISTATE                        None                                No                                  Off              ---            ---             Off             Off          ---           ---                ---                ---               
DEVRST_N     72   Fixed  DEVRST_N                  ---       
L3V3_EN1     46   Yes    MSIO103NB4/PROBE_B        Bank4     LVCMOS33   Output                          TRISTATE                        None                                No                                  ---              ---            ---             ---             ---          ---           ---                4                  5                 
L3V3_EN2     43   Yes    MSIO102PB4                Bank4     LVCMOS33   Output                          TRISTATE                        None                                No                                  ---              ---            ---             ---             ---          ---           ---                4                  5                 
L4V_EN       94   Yes    MSIO6PB2/USB_DATA6_B      Bank2     LVCMOS33   Output                          TRISTATE                        None                                No                                  ---              ---            ---             ---             ---          ---           ---                4                  5                 
L4V_PG       10   Yes    MSIO73NB7                 Bank7     LVCMOS33   Input                           TRISTATE                        None                                No                                  Off              ---            ---             Off             Off          ---           ---                ---                ---               
L4463_RX_CS  47   Yes    MSIO103PB4/PROBE_A        Bank4     LVCMOS33   Output                          TRISTATE                        None                                No                                  ---              ---            ---             ---             ---          ---           ---                4                  5                 
L4463_TX_CS  58   Yes    MSIO108NB4                Bank4     LVCMOS33   Output                          TRISTATE                        None                                No                                  ---              ---            ---             ---             ---          ---           ---                4                  5                 
PA4V_ON      22   Yes    MSIO81PB7                 Bank7     LVCMOS33   Output                          TRISTATE                        None                                No                                  ---              ---            ---             ---             ---          ---           ---                4                  5                 
RX_GPIO0     15   Yes    MSIO77NB7                 Bank7     LVCMOS33   Input                           TRISTATE                        None                                No                                  Off              ---            ---             Off             Off          ---           ---                ---                ---               
RX_GPIO1     16   Yes    MSIO77PB7                 Bank7     LVCMOS33   Input                           TRISTATE                        None                                No                                  Off              ---            ---             Off             Off          ---           ---                ---                ---               
RX_SDN       48   Yes    MSIO104NB4/GB7            Bank4     LVCMOS33   Output                          TRISTATE                        None                                No                                  ---              ---            ---             ---             ---          ---           ---                4                  5                 
RXD4         8    Yes    MSIO71PB7                 Bank7     LVCMOS33   Input                           TRISTATE                        None                                No                                  Off              ---            ---             Off             Off          ---           ---                ---                ---               
SPI_CLK      55   Yes    MSIO106PB4                Bank4     LVCMOS33   Output                          TRISTATE                        None                                No                                  ---              ---            ---             ---             ---          ---           ---                20                 20                
SPI_FRAM_CS  44   Yes    MSIO102NB4/CCC_NE1_CLKI0  Bank4     LVCMOS33   Output                          TRISTATE                        None                                No                                  ---              ---            ---             ---             ---          ---           ---                4                  5                 
SPI_MISO     56   Yes    MSIO106NB4                Bank4     LVCMOS33   Input                           TRISTATE                        Down                                No                                  Off              ---            ---             Off             Off          ---           ---                ---                ---               
SPI_MOSI     57   Yes    MSIO108PB4                Bank4     LVCMOS33   Output                          TRISTATE                        None                                No                                  ---              ---            ---             ---             ---          ---           ---                20                 20                
SW           13   Yes    MSIO76NB7                 Bank7     LVCMOS33   Output                          TRISTATE                        None                                No                                  ---              ---            ---             ---             ---          ---           ---                4                  5                 
TX_GPIO0     49   Yes    MSIO104PB4/GB3            Bank4     LVCMOS33   Output                          TRISTATE                        None                                No                                  ---              ---            ---             ---             ---          ---           ---                4                  5                 
TX_GPIO1     93   Yes    MSIO5NB2/USB_DATA5_B      Bank2     LVCMOS33   Input                           TRISTATE                        None                                No                                  Off              ---            ---             Off             Off          ---           ---                ---                ---               
TX_SDN       60   Yes    MSIO109PB4                Bank4     LVCMOS33   Output                          TRISTATE                        None                                No                                  ---              ---            ---             ---             ---          ---           ---                20                 5                 
TXD4         7    Yes    MSIO71NB7                 Bank7     LVCMOS33   Output                          TRISTATE                        None                                No                                  ---              ---            ---             ---             ---          ---           ---                20                 5                 
XTL          70   Fixed  XTLOSC_MAIN_XTAL          ---       
